Building DAG of jobs...
Using shell: C:/Program Files/Git/bin/bash.exe
Provided cores: 2
Rules claiming more threads will be scaled down.
Job stats:
job              count
-------------  -------
all                  1
motif_overlap        1
plot_motifs          1
snapms               1
total                4

Select jobs to execute...

[Wed Aug 26 23:06:23 2026]
rule motif_overlap:
    input: results/input_cleaned.mgf, results/300_model.model
    output: results/300_motif_overlaps.csv
    jobid: 4
    reason: Missing output files: results/300_motif_overlaps.csv
    wildcards: nr_of_motifs=300
    resources: tmpdir=C:\Users\JORICK~1\AppData\Local\Temp


[Wed Aug 26 23:06:23 2026]
rule plot_motifs:
    input: results/300_motifs.mgf, snakemake/params_ms2lda.yaml, results/input_cleaned.mgf, results/300_model.model
    output: results/300_plots
    jobid: 6
    reason: Missing output files: results/300_plots
    wildcards: nr_of_motifs=300
    resources: tmpdir=C:\Users\JORICK~1\AppData\Local\Temp

[Wed Aug 26 23:06:28 2026]
Error in rule motif_overlap:
    jobid: 4
    input: results/input_cleaned.mgf, results/300_model.model
    output: results/300_motif_overlaps.csv
    shell:
        
        set -euo pipefail
        "C:/Users/Jorick van IJcken/code/testversion/STRATA-MS/.venv/Scripts/python.exe" src/motif_metadata/motif_detection.py \  # FIXME! TODO!
            --mgf "results/input_cleaned.mgf"             --model "results/300_model.model"             --result "results/300_motif_overlaps.csv"             --dataset-acquisition-type DDA             --dataset-significant-digits 2
        
        (one of the commands exited with non-zero exit code; note that snakemake uses bash strict mode!)

[Wed Aug 26 23:07:47 2026]
Error in rule plot_motifs:
    jobid: 6
    input: results/300_motifs.mgf, snakemake/params_ms2lda.yaml, results/input_cleaned.mgf, results/300_model.model
    output: results/300_plots
    shell:
        
        set -euo pipefail
        "C:/Users/Jorick van IJcken/code/testversion/STRATA-MS/.venv/Scripts/python.exe" src/motif_metadata/spectral_plots.py             --defaults "snakemake/params_ms2lda.yaml"             --library "results/input_cleaned.mgf"             --query "results/300_motifs.mgf"             --similarity-type overlap             --flash-tolerance 0.01             --lda-model-path "results/300_model.model"             --max-batch-size 200             --similarity-threshold 0.01             --top-n 100             --result-folder "results/300_plots"
        
        (one of the commands exited with non-zero exit code; note that snakemake uses bash strict mode!)

Terminating processes on user request, this might take some time.
Complete log: snakemake\.snakemake\log\2026-08-26T230615.591232.snakemake.log
