Building DAG of jobs...
Using shell: C:/Program Files/Git/bin/bash.exe
Provided cores: 2
Rules claiming more threads will be scaled down.
Job stats:
job              count
-------------  -------
all                  1
mn                   1
motif_overlap        1
plot_motifs          1
snapms               1
total                5

Select jobs to execute...

[Wed Aug 26 22:25:29 2026]
rule mn:
    input: results/input_cleaned.mgf, snakemake/params_mn.yaml, data/ms2deepscore_model.pt, data/Spec2VecModel.model
    output: results/modcos_100_normal_input_base.cx, results/modcos_100_normal_input_threshold.cx, results/modcos_100_normal_input_rescued.cx
    jobid: 1
    reason: Missing output files: results/modcos_100_normal_input_threshold.cx
    wildcards: similarity_type=modcos, max_component_size=100, matrix_type=normal
    resources: tmpdir=C:\Users\JORICK~1\AppData\Local\Temp


[Wed Aug 26 22:25:30 2026]
rule plot_motifs:
    input: results/300_motifs.mgf, snakemake/params_ms2lda.yaml, results/input_cleaned.mgf, results/300_model.model
    output: results/300_plots
    jobid: 6
    reason: Missing output files: results/300_plots
    wildcards: nr_of_motifs=300
    resources: tmpdir=C:\Users\JORICK~1\AppData\Local\Temp

[Wed Aug 26 22:25:31 2026]
Error in rule plot_motifs:
    jobid: 6
    input: results/300_motifs.mgf, snakemake/params_ms2lda.yaml, results/input_cleaned.mgf, results/300_model.model
    output: results/300_plots
    shell:
        
        set -euo pipefail
        "C:/Users/Jorick van IJcken/code/testversion/STRATA-MS/.venv/Scripts/python.exe" src/motif_metadata/spectral_plots.py             --defaults "snakemake/params_ms2lda.yaml"             --library "results/input_cleaned.mgf"             --query "results/300_motifs.mgf"             --similarity-type overlap             --flash-tolerance 0.01             --lda-model-path "results/300_model.model"             --max-batch-size 200             --similarity-threshold 0.01             --top-n 100             --result-folder "results/300_plots"
        
        (one of the commands exited with non-zero exit code; note that snakemake uses bash strict mode!)

[Wed Aug 26 22:33:41 2026]
Finished job 1.
1 of 5 steps (20%) done
Shutting down, this might take some time.
Exiting because a job execution failed. Look above for error message
Complete log: snakemake\.snakemake\log\2026-08-26T222527.937220.snakemake.log
