Assuming unrestricted shared filesystem usage.
host: -PC-
Building DAG of jobs...
Using shell: C:/Program Files/Git/bin/bash.exe
Provided cores: 2
Rules claiming more threads will be scaled down.
Job stats:
job              count
-------------  -------
all                  1
clean_mgf            1
mn                   1
motif_overlap        1
plot_motifs          1
snapms               1
total                6

Select jobs to execute...
Execute 1 jobs...
[Wed Aug 26 16:33:17 2026]
localrule clean_mgf:
    input: data/input.mgf
    output: results/input_cleaned.mgf
    jobid: 2
    reason: Missing output files: results/input_cleaned.mgf
    resources: tmpdir=C:\Users\JORICK~1\AppData\Local\Temp
RuleException:
CalledProcessError in file "C:\Users\Jorick van IJcken\code\testversion\STRATA-MS\snakemake\Snakefile", line 71:
Command '"C:/Program Files/Git/bin/bash.exe" -c "set -euo pipefail;  
        set -euo pipefail
        \"C:/Users/Jorick van IJcken/code/testversion/STRATA-MS/.venv/Scripts/python.exe\" src/utils/cleaning.py             --raw-mgf \"data/input.mgf\"             --cleaned-mgf \"results/input_cleaned.mgf\""' returned non-zero exit status 1.
[Wed Aug 26 16:34:06 2026]
Error in rule clean_mgf:
    message: None
    jobid: 2
    input: data/input.mgf
    output: results/input_cleaned.mgf
    shell:
        
        set -euo pipefail
        "C:/Users/Jorick van IJcken/code/testversion/STRATA-MS/.venv/Scripts/python.exe" src/utils/cleaning.py             --raw-mgf "data/input.mgf"             --cleaned-mgf "results/input_cleaned.mgf"
        
        (command exited with non-zero exit code)
Shutting down, this might take some time.
Exiting because a job execution failed. Look below for error messages
[Wed Aug 26 16:34:06 2026]
Error in rule clean_mgf:
    message: None
    jobid: 2
    input: data/input.mgf
    output: results/input_cleaned.mgf
    shell:
        
        set -euo pipefail
        "C:/Users/Jorick van IJcken/code/testversion/STRATA-MS/.venv/Scripts/python.exe" src/utils/cleaning.py             --raw-mgf "data/input.mgf"             --cleaned-mgf "results/input_cleaned.mgf"
        
        (command exited with non-zero exit code)
Complete log(s): C:\Users\Jorick van IJcken\code\testversion\STRATA-MS\snakemake\.snakemake\log\2026-08-26T163317.332812.snakemake.log
WorkflowError:
At least one job did not complete successfully.
