Building DAG of jobs...
Using shell: C:/Program Files/Git/bin/bash.exe
Provided cores: 4
Rules claiming more threads will be scaled down.
Job stats:
job              count
-------------  -------
all                  1
clean_mgf            1
mn                   1
motif_overlap        1
ms2lda               1
plot_motifs          1
snapms               1
total                7

Select jobs to execute...

[Tue Sep  1 10:17:52 2026]
rule clean_mgf:
    input: data/input.mgf
    output: results/input_cleaned.mgf
    jobid: 2
    reason: Missing output files: results/input_cleaned.mgf
    resources: tmpdir=C:\Users\JORICK~1\AppData\Local\Temp


[Tue Sep  1 10:17:52 2026]
rule ms2lda:
    input: snakemake/params_ms2lda.yaml, data/input.mgf
    output: results/300_model.model, results/300_motifs.mgf
    jobid: 5
    reason: Missing output files: results/300_motifs.mgf, results/300_model.model
    wildcards: nr_of_motifs=300
    resources: tmpdir=C:\Users\JORICK~1\AppData\Local\Temp

[Tue Sep  1 10:18:13 2026]
Finished job 2.
1 of 7 steps (14%) done
Select jobs to execute...

[Tue Sep  1 10:18:13 2026]
rule mn:
    input: results/input_cleaned.mgf, snakemake/params_mn.yaml, data/ms2deepscore_model.pt, data/Spec2VecModel.model
    output: results/modcos_100_normal_input_base.cx, results/modcos_100_normal_input_threshold.cx, results/modcos_100_normal_input_rescued.cx
    jobid: 1
    reason: Missing output files: results/modcos_100_normal_input_threshold.cx; Input files updated by another job: results/input_cleaned.mgf
    wildcards: similarity_type=modcos, max_component_size=100, matrix_type=normal
    resources: tmpdir=C:\Users\JORICK~1\AppData\Local\Temp

[Tue Sep  1 10:20:31 2026]
Finished job 5.
2 of 7 steps (29%) done
Select jobs to execute...

[Tue Sep  1 10:20:31 2026]
rule motif_overlap:
    input: results/input_cleaned.mgf, results/300_model.model
    output: results/300_motif_overlaps.csv
    jobid: 4
    reason: Missing output files: results/300_motif_overlaps.csv; Input files updated by another job: results/input_cleaned.mgf, results/300_model.model
    wildcards: nr_of_motifs=300
    resources: tmpdir=C:\Users\JORICK~1\AppData\Local\Temp


[Tue Sep  1 10:20:31 2026]
rule plot_motifs:
    input: results/300_motifs.mgf, snakemake/params_ms2lda.yaml, results/input_cleaned.mgf, results/300_model.model
    output: results/300_plots
    jobid: 6
    reason: Missing output files: results/300_plots; Input files updated by another job: results/300_motifs.mgf, results/input_cleaned.mgf, results/300_model.model
    wildcards: nr_of_motifs=300
    resources: tmpdir=C:\Users\JORICK~1\AppData\Local\Temp

[Tue Sep  1 10:21:48 2026]
Finished job 4.
3 of 7 steps (43%) done
[Tue Sep  1 10:47:43 2026]
Finished job 6.
4 of 7 steps (57%) done
[Tue Sep  1 10:56:31 2026]
Finished job 1.
5 of 7 steps (71%) done
Select jobs to execute...

[Tue Sep  1 10:56:31 2026]
rule snapms:
    input: snakemake/params_snapms.yaml, results/modcos_100_normal_input_threshold.cx, results/300_motif_overlaps.csv, data/coconut_db.jsonl
    output: results/snapms_300_modcos_100_normal_input_threshold
    jobid: 3
    reason: Missing output files: results/snapms_300_modcos_100_normal_input_threshold; Input files updated by another job: results/modcos_100_normal_input_threshold.cx, results/300_motif_overlaps.csv
    wildcards: nr_of_motifs=300, similarity_type=modcos, max_component_size=100, matrix_type=normal, graph_type=threshold
    resources: tmpdir=C:\Users\JORICK~1\AppData\Local\Temp

[Tue Sep  1 10:59:23 2026]
Finished job 3.
6 of 7 steps (86%) done
Select jobs to execute...

[Tue Sep  1 10:59:23 2026]
localrule all:
    input: results/modcos_100_normal_input_threshold.cx, results/snapms_300_modcos_100_normal_input_threshold, results/300_plots
    jobid: 0
    reason: Input files updated by another job: results/300_plots, results/modcos_100_normal_input_threshold.cx, results/snapms_300_modcos_100_normal_input_threshold
    resources: tmpdir=C:\Users\JORICK~1\AppData\Local\Temp

[Tue Sep  1 10:59:23 2026]
Finished job 0.
7 of 7 steps (100%) done
Complete log: snakemake\.snakemake\log\2026-09-01T101751.736642.snakemake.log
