Building DAG of jobs...
Using shell: C:/Program Files/Git/bin/bash.exe
Provided cores: 1 (use --cores to define parallelism)
Rules claiming more threads will be scaled down.
Job stats:
job              count
-------------  -------
all                  1
clean_mgf            1
mn                   1
motif_overlap        1
ms2lda               1
plot_motifs          1
snapms               1
total                7

Select jobs to execute...

[Wed Aug 26 12:38:06 2026]
rule ms2lda:
    input: snakemake/params_ms2lda.yaml, data/input.mgf
    output: results/300_model.model, results/300_motifs.mgf
    jobid: 5
    reason: Missing output files: results/300_model.model, results/300_motifs.mgf
    wildcards: nr_of_motifs=300
    resources: tmpdir=C:\Users\JORICK~1\AppData\Local\Temp

[Wed Aug 26 12:39:58 2026]
Error in rule ms2lda:
    jobid: 5
    input: snakemake/params_ms2lda.yaml, data/input.mgf
    output: results/300_model.model, results/300_motifs.mgf
    shell:
        
        set -euo pipefail
        "C:/Users/Jorick van IJcken/code/testversion/STRATA-MS/.venv/Scripts/python.exe" src/ms2lda             --folder "results"             --defaults "snakemake/params_ms2lda.yaml"             --mgf "data/input.mgf"             --mgf-cleaned "results/input_cleaned.mgf"             --nr-of-motifs "300"             --model-path "results/300_model.model"             --motifs-path "results/300_motifs.mgf"
        
        (one of the commands exited with non-zero exit code; note that snakemake uses bash strict mode!)

Shutting down, this might take some time.
Exiting because a job execution failed. Look above for error message
Complete log: snakemake\.snakemake\log\2026-08-26T123805.672700.snakemake.log
