Building DAG of jobs...
Using shell: C:/Program Files/Git/bin/bash.exe
Provided cores: 2
Rules claiming more threads will be scaled down.
Job stats:
job              count
-------------  -------
all                  1
clean_mgf            1
mn                   1
motif_overlap        1
plot_motifs          1
snapms               1
total                6

Select jobs to execute...

[Wed Aug 26 22:16:56 2026]
rule clean_mgf:
    input: data/input.mgf
    output: results/input_cleaned.mgf
    jobid: 2
    reason: Missing output files: results/input_cleaned.mgf
    resources: tmpdir=C:\Users\JORICK~1\AppData\Local\Temp

[Wed Aug 26 22:20:40 2026]
Finished job 2.
1 of 6 steps (17%) done
Select jobs to execute...

[Wed Aug 26 22:20:40 2026]
rule mn:
    input: results/input_cleaned.mgf, snakemake/params_mn.yaml, data/ms2deepscore_model.pt, data/Spec2VecModel.model
    output: results/modcos_100_normal_input_base.cx, results/modcos_100_normal_input_threshold.cx, results/modcos_100_normal_input_rescued.cx
    jobid: 1
    reason: Missing output files: results/modcos_100_normal_input_threshold.cx; Input files updated by another job: results/input_cleaned.mgf
    wildcards: similarity_type=modcos, max_component_size=100, matrix_type=normal
    resources: tmpdir=C:\Users\JORICK~1\AppData\Local\Temp


[Wed Aug 26 22:20:40 2026]
rule plot_motifs:
    input: results/300_motifs.mgf, snakemake/params_ms2lda.yaml, results/input_cleaned.mgf, results/300_model.model
    output: results/300_plots
    jobid: 6
    reason: Missing output files: results/300_plots; Input files updated by another job: results/input_cleaned.mgf
    wildcards: nr_of_motifs=300
    resources: tmpdir=C:\Users\JORICK~1\AppData\Local\Temp

[Wed Aug 26 22:20:41 2026]
Error in rule plot_motifs:
    jobid: 6
    input: results/300_motifs.mgf, snakemake/params_ms2lda.yaml, results/input_cleaned.mgf, results/300_model.model
    output: results/300_plots
    shell:
        
        set -euo pipefail
        "C:/Users/Jorick van IJcken/code/testversion/STRATA-MS/.venv/Scripts/python.exe" src/motif_metadata/spectral_plots.py             --defaults "snakemake/params_ms2lda.yaml"             --library "results/input_cleaned.mgf"             --query "results/300_motifs.mgf"             --similarity-type overlap             --flash-tolerance 0.01             --lda-model-path "results/300_model.model"             --max-batch-size 200             --similarity-threshold 0.01             --top-n 100             --result-folder "results/300_plots"
        
        (one of the commands exited with non-zero exit code; note that snakemake uses bash strict mode!)

[Wed Aug 26 22:21:30 2026]
Error in rule mn:
    jobid: 1
    input: results/input_cleaned.mgf, snakemake/params_mn.yaml, data/ms2deepscore_model.pt, data/Spec2VecModel.model
    output: results/modcos_100_normal_input_base.cx, results/modcos_100_normal_input_threshold.cx, results/modcos_100_normal_input_rescued.cx
    shell:
        
        set -euo pipefail
        "C:/Users/Jorick van IJcken/code/testversion/STRATA-MS/.venv/Scripts/python.exe" src/mn             --defaults "snakemake/params_mn.yaml"             --mgf-cleaned "results/input_cleaned.mgf"             --ms2deepscore-model-path "data/ms2deepscore_model.pt"             --spec2vec-model-path "data/Spec2VecModel.model"             --similarity-type "modcos"             --max-component-size "100"             --base-graph-path "results/modcos_100_normal_input_base.cx"             --threshold-graph-path "results/modcos_100_normal_input_threshold.cx"             --rescued-graph-path "results/modcos_100_normal_input_rescued.cx"             --average-similarity-file "results/modcos_average_similarity.npz"             --similarity-file "results/modcos_similarity.npz"             --support-file "results/modcos_support.npz"             --similarity-threshold 0.7             
        
        (one of the commands exited with non-zero exit code; note that snakemake uses bash strict mode!)

Shutting down, this might take some time.
Exiting because a job execution failed. Look above for error message
Complete log: snakemake\.snakemake\log\2026-08-26T221653.598168.snakemake.log
