Building DAG of jobs...
Using shell: C:/Program Files/Git/bin/bash.exe
Provided cores: 1 (use --cores to define parallelism)
Rules claiming more threads will be scaled down.
Job stats:
job              count
-------------  -------
all                  1
clean_mgf            1
mn                   1
motif_overlap        1
ms2lda               1
plot_motifs          1
snapms               1
total                7

Select jobs to execute...

[Wed Aug 26 12:42:10 2026]
rule ms2lda:
    input: snakemake/params_ms2lda.yaml, data/input.mgf
    output: results/300_model.model, results/300_motifs.mgf
    jobid: 5
    reason: Missing output files: results/300_model.model, results/300_motifs.mgf
    wildcards: nr_of_motifs=300
    resources: tmpdir=C:\Users\JORICK~1\AppData\Local\Temp

[Wed Aug 26 12:48:16 2026]
Finished job 5.
1 of 7 steps (14%) done
Select jobs to execute...

[Wed Aug 26 12:48:16 2026]
rule clean_mgf:
    input: data/input.mgf
    output: results/input_cleaned.mgf
    jobid: 2
    reason: Missing output files: results/input_cleaned.mgf
    resources: tmpdir=C:\Users\JORICK~1\AppData\Local\Temp

Warning: the following output files of rule clean_mgf were not present when the DAG was created:
{'results/input_cleaned.mgf'}
[Wed Aug 26 12:48:57 2026]
Error in rule clean_mgf:
    jobid: 2
    input: data/input.mgf
    output: results/input_cleaned.mgf
    shell:
        
        set -euo pipefail
        "C:/Users/Jorick van IJcken/code/testversion/STRATA-MS/.venv/Scripts/python.exe" src/utils/cleaning.py             --raw-mgf "data/input.mgf"             --cleaned-mgf "results/input_cleaned.mgf"
        
        (one of the commands exited with non-zero exit code; note that snakemake uses bash strict mode!)

Shutting down, this might take some time.
Exiting because a job execution failed. Look above for error message
Complete log: snakemake\.snakemake\log\2026-08-26T124207.881617.snakemake.log
